[buryevil.neocities.org/index.html]
[backblue.gif]
[fade.gif]
[index.html]
[buryevil.neocities.org/style.css]
[buryevil.neocities.org/fonts/fourpx.ttf]
[buryevil.neocities.org/fonts/5zÌ5.ttf]
[buryevil.neocities.org/Images/background7.gif]
[buryevil.neocities.org/about.html]
[buryevil.neocities.org/artwork.html]
[buryevil.neocities.org/blender.html]
[buryevil.neocities.org/playlist.html]
[buryevil.neocities.org/shrines.html]
[buryevil.neocities.org/shitposts.html]
[buryevil.neocities.org/Images/neorainbow.gif]
[buryevil.neocities.org/Images/de2x.gif]
[buryevil.neocities.org/GET]
[buryevil.neocities.org/Images/background5.gif]
[buryevil.neocities.org/password.html]
[buryevil.neocities.org/Images/as.png]
[buryevil.neocities.org/Images/background6.gif]
[buryevil.neocities.org/Images/background3.gif]
[buryevil.neocities.org/Images/capy/capystare.jpg]
[buryevil.neocities.org/love.html]
[buryevil.neocities.org/Images/neogif0.gif]
[buryevil.neocities.org/Images/neogif1.gif]
[buryevil.neocities.org/drawings]
[buryevil.neocities.org/sketches]
[buryevil.neocities.org/collections]
[buryevil.neocities.org/paintings]
[buryevil.neocities.org/non-classical]
[buryevil.neocities.org/Images/fretnoizebutton.png]
[alicehasamallet.neocities.org/catagories/Alice/home/assets/alicehasabutton.29.delayed]
[athornathornathorn.neocities.org/imgs/8831/athorn.png]
[beanbottles.neocities.org/buttons/beangrunge.gif]
[bisuko.neocities.org/graphics/tigercarnival1.png]
[burypink.neocities.org/images/button5.png]
[cadnomori.neocities.org/banners/yokobanner.png]
[celebritymonkey.neocities.org/neo/celebritymonkey3.gif]
[cinni.net/images/button/cinni_angelbutton3.gif]
[cobradile.neocities.org/images/buttons/mabutton.png]
[cyberspacegf.neocities.org/cyberspacegf/home/button.gif]
[cybervirgo.neocities.org/cyberrose.png]
[thoughtcrimes.neocities.org/buttons/dissolved.gif]
[fairyhillock.neocities.org/fairyhillock button.png]
[freckleskies.neocities.org/img/btn/skybutton.gif]
[getcubed.neocities.org/gc-icon.png]
[grossgirl94.neocities.org/photos/grossgirl94 button transparent.gif]
[files.catbox.moe/8n67bk.png]
[hillhouse.neocities.org/_images/hillhouse-banner.3b.delayed]
[holeinmyheart.neocities.org/holeinmyheart.png]
[idiothahaha.neocities.org/site_button.gif]
[irony-machine.neocities.org/buttons/buttons/irony-machine.png]
[lethalcompound.net/img/buttons/lethalcompound.png]
[lilypad9000.neocities.org/lilypad9.gif]
[satyrs.eu/buttons/newbutton.44.delayed]
[murid.neocities.org/gallery/OCbutton.png]
[mysticscave.neocities.org/buttons/button.gif]
[nyanseong.neocities.org/img/buttons/nyanseong-wink.png]
[ocean-waves.xyz/graphix/buttons/myButtonn.gif]
[omni.vi/assets/omnibutton.gif]
[plasticdino.net/buttons/plasticdinogif.gif]
[pumpkin-ninja.neocities.org/images/88X31.gif]
[respiradordemostaza.neocities.org/imagenes generales/BOTON.gif]
[sadgrl.online/images/homepage/button-new.53.delayed]
[sonxon.neocities.org/sonxon2.gif]
[sulfuracid.neocities.org/sulfuracid.gif]
[symphony.neocities.org/button1.png]
[tangotrail.neocities.org/pagez/home/sitebutton.gif]
[uncannyvalley.neocities.org/uncanny.gif]
[untitledblog.neocities.org/images/untitledblog2.gif]
[utsushimi.neocities.org/utsushimi.png]
[vodkabinereb.neocities.org/Graphics/Buttons/Button1.gif]
[64.media.tumblr.com/199cbeb118dc0b07239bb9b80e7adff0/tumblr_inline_qdd04aSyfP1to1xq0_500.gif]
[worldwidedeath.neocities.org/images/buttons/naomi.gif]
[zanarkand.neocities.org/mybuttons/banner2.png]
[buryevil.neocities.org/index.html]
[buryevil.neocities.org/style.css]
[buryevil.neocities.org/fonts/5zÌ5.html]
[buryevil.neocities.org/password.js]
[buryevil.neocities.org/about.html]
[buryevil.neocities.org/Images/General/b2.jpg]
[buryevil.neocities.org/Images/General/b1.jpg]
[buryevil.neocities.org/Images/General/a31.jpg]
[buryevil.neocities.org/Images/General/a30.jpg]
[buryevil.neocities.org/Images/General/a29.jpg]
[buryevil.neocities.org/Images/General/a28.jpg]
[buryevil.neocities.org/Images/General/a27.jpg]
[buryevil.neocities.org/Images/General/a26.jpg]
[buryevil.neocities.org/Images/General/a25.jpg]
[buryevil.neocities.org/Images/General/a24.jpg]
[buryevil.neocities.org/Images/General/a23.jpg]
[buryevil.neocities.org/Images/General/a22.jpg]
[buryevil.neocities.org/Images/General/a21.jpg]
[buryevil.neocities.org/Images/General/a20.jpg]
[buryevil.neocities.org/Images/General/a19.jpg]
[buryevil.neocities.org/Images/General/a18.jpg]
[buryevil.neocities.org/Images/General/a17.jpg]
[buryevil.neocities.org/Images/General/a16.jpg]
[buryevil.neocities.org/Images/General/a15.jpg]
[buryevil.neocities.org/Images/General/a14.jpg]
[buryevil.neocities.org/Images/General/a13.jpg]
[buryevil.neocities.org/Images/General/a12.jpg]
[buryevil.neocities.org/Images/General/a11.jpg]
[buryevil.neocities.org/Images/General/a9.jpg]
[buryevil.neocities.org/Images/General/a8.jpg]
[buryevil.neocities.org/Images/General/a7.jpg]
[buryevil.neocities.org/Images/General/a10.jpg]
[buryevil.neocities.org/Images/General/a6.jpg]
[buryevil.neocities.org/Images/General/a5.jpg]
[buryevil.neocities.org/Images/General/a4.jpg]
[buryevil.neocities.org/Images/General/a3.jpg]
[buryevil.neocities.org/Images/General/a2.jpg]
[buryevil.neocities.org/Images/General/a1.jpg]
[buryevil.neocities.org/artwork.html]
[buryevil.neocities.org/Images/lowpolymodeltest.png]
[buryevil.neocities.org/Images/prairieupdated.jpg]
[buryevil.neocities.org/Images/tubes.jpg]
[buryevil.neocities.org/Images/room.jpg]
[buryevil.neocities.org/Images/room.gif]
[buryevil.neocities.org/Images/street1.jpg]
[buryevil.neocities.org/Images/street2.jpg]
[buryevil.neocities.org/Images/traintracks1.gif]
[buryevil.neocities.org/Images/prairie1.jpg]
[buryevil.neocities.org/blender.html]
[buryevil.neocities.org/playlist.html]
[buryevil.neocities.org/capybara.html]
[buryevil.neocities.org/frenchrepublicancalendar.html]
[buryevil.neocities.org/shrines.html]
[buryevil.neocities.org/floppa.html]
[buryevil.neocities.org/system_startup.html]
[buryevil.neocities.org/iceberg.html]
[buryevil.neocities.org/shitposts.html]
[buryevil.neocities.org/GET.html]
[buryevil.neocities.org/superstructure.html]
[buryevil.neocities.org/Images/key.gif]
[buryevil.neocities.org/password.html]
[buryevil.neocities.org/Images/background.gif]
[buryevil.neocities.org/love.html]
[buryevil.neocities.org/drawings.html]
[buryevil.neocities.org/sketches.html]
[buryevil.neocities.org/collections.html]
[buryevil.neocities.org/paintings.html]
[buryevil.neocities.org/non-classical.html]
[alicehasamallet.neocities.org/catagories/Alice/home/assets/alicehasabutton.html]
[media.discordapp.net/attachments/763254111289737266/835299703314186331/image0.gif]
[hillhouse.neocities.org/_images/hillhouse-banner.html]
[iwillneverbehappy.neocities.org/site-button.html]
[kry.pt/o/naut/kryptButton3.html]
[satyrs.eu/buttons/newbutton.html]
[misswannabe.neocities.org/My button_20210309102349.html]
[pleurodelinae.neocities.org/assets/button_pleurodelinae.html]
[ratpilled.neocities.org/sitebuttons/ratpilled.html]
[sadgrl.online/images/homepage/button-new.html]
[sanhyo.neocities.org/sanhyobutton.html]
[torture.neocities.org/buttons/torture8831.html]
[cdn.discordapp.com/attachments/485593755093827586/952658793324486786/ezgif.com-gif-maker_17.gif]
[webpage1990colourised.neocities.org/graphics/buttons/Webpage-1990-Colourised.html]
[xtort.neocities.org/button.html]
[buryevil.neocities.org/Images/capycolumn.png]
[buryevil.neocities.org/Images/background2.gif]
[buryevil.neocities.org/Images/temple.png]
[buryevil.neocities.org/Images/neo4.png]
[buryevil.neocities.org/Images/neo3.png]
[buryevil.neocities.org/Images/capy/computercapy2.jpg]
[buryevil.neocities.org/Images/capy/mamacapy.jpg]
[buryevil.neocities.org/Images/capy/pisscapy.jpg]
[buryevil.neocities.org/Images/capy/pianocapy.jpg]
[buryevil.neocities.org/Images/capy/computercapy.jpg]
[buryevil.neocities.org/Images/capy/emergecapy.jpg]
[buryevil.neocities.org/Images/capy/windowcapy.jpg]
[buryevil.neocities.org/Images/capy/starecapy.jpg]
[buryevil.neocities.org/Images/capy/lilcapy.jpg]
[buryevil.neocities.org/Images/capy/starecapy2.jpg]
[buryevil.neocities.org/Images/capy/collabcapy.jpg]
[buryevil.neocities.org/Images/capy/fairycapy.jpg]
[buryevil.neocities.org/Images/capy/bathcapy.jpg]
[buryevil.neocities.org/capybara.html]
[buryevil.neocities.org/frenchrepublicancalendar.html]
[buryevil.neocities.org/Images/floppa.jpg]
[buryevil.neocities.org/Images/nofucksgiven.jpg]
[buryevil.neocities.org/Images/angry.jpg]
[buryevil.neocities.org/Images/yummy.jpg]
[buryevil.neocities.org/Images/floppa0.jpg]
[buryevil.neocities.org/Images/floppaearless.jpg]
[buryevil.neocities.org/Images/Lynx.jpg]
[buryevil.neocities.org/Images/tooth.jpg]
[buryevil.neocities.org/floppa.html]
[buryevil.neocities.org/Images/welcome.gif]
[buryevil.neocities.org/system_startup.html]
[buryevil.neocities.org/iceberg.html]
[buryevil.neocities.org/Images/Arch2x.jpg]
[buryevil.neocities.org/superstructure.html]
